mode: set
CotoChallenge/internal/transport/http/create_sale.go:16.74,18.16 2 0
CotoChallenge/internal/transport/http/create_sale.go:18.16,21.3 2 0
CotoChallenge/internal/transport/http/create_sale.go:23.2,23.43 1 0
CotoChallenge/internal/transport/http/create_sale.go:23.43,26.3 2 0
CotoChallenge/internal/transport/http/create_sale.go:28.2,28.91 1 0
CotoChallenge/internal/transport/http/create_sale.go:28.91,31.3 2 0
CotoChallenge/internal/transport/http/create_sale.go:33.2,33.40 1 0
CotoChallenge/internal/transport/http/create_sale.go:36.45,38.44 2 0
CotoChallenge/internal/transport/http/create_sale.go:38.44,40.3 1 0
CotoChallenge/internal/transport/http/create_sale.go:41.2,41.20 1 0
CotoChallenge/internal/transport/http/create_sale.go:41.20,43.3 1 0
CotoChallenge/internal/transport/http/create_sale.go:44.2,44.24 1 0
CotoChallenge/internal/transport/http/create_sale.go:44.24,46.3 1 0
CotoChallenge/internal/transport/http/create_sale.go:47.2,47.12 1 0
CotoChallenge/internal/transport/http/get_percentages.go:8.104,10.16 2 0
CotoChallenge/internal/transport/http/get_percentages.go:10.16,12.3 1 0
CotoChallenge/internal/transport/http/get_percentages.go:14.2,14.39 1 0
CotoChallenge/internal/transport/http/get_volume.go:8.78,10.16 2 0
CotoChallenge/internal/transport/http/get_volume.go:10.16,13.3 2 0
CotoChallenge/internal/transport/http/get_volume.go:14.2,14.66 1 0
CotoChallenge/internal/transport/http/get_volume_by_center.go:8.81,10.16 2 0
CotoChallenge/internal/transport/http/get_volume_by_center.go:10.16,13.3 2 0
CotoChallenge/internal/transport/http/get_volume_by_center.go:15.2,16.40 2 0
CotoChallenge/internal/transport/http/get_volume_by_center.go:16.40,21.3 1 0
CotoChallenge/internal/transport/http/get_volume_by_center.go:22.2,22.36 1 0
CotoChallenge/internal/transport/http/handlers.go:11.72,15.2 1 0
CotoChallenge/internal/transport/http/utils.go:13.67,18.56 3 1
CotoChallenge/internal/transport/http/utils.go:18.56,20.3 1 1
CotoChallenge/internal/transport/http/utils.go:30.68,34.2 1 1
CotoChallenge/internal/transport/http/utils.go:38.67,49.44 6 0
CotoChallenge/internal/transport/http/utils.go:49.44,50.20 1 0
CotoChallenge/internal/transport/http/utils.go:50.20,52.4 1 0
CotoChallenge/internal/transport/http/utils.go:53.3,53.21 1 0
CotoChallenge/internal/transport/http/utils.go:56.2,56.20 1 0
CotoChallenge/internal/transport/http/utils.go:60.61,62.2 1 1
CotoChallenge/internal/transport/http/utils.go:68.41,71.35 3 1
CotoChallenge/internal/transport/http/utils.go:71.35,76.3 4 1
CotoChallenge/internal/transport/http/utils.go:77.2,77.20 1 1
CotoChallenge/internal/transport/http/middleware/recovery.go:10.67,11.46 1 0
CotoChallenge/internal/transport/http/middleware/recovery.go:11.46,12.72 1 0
CotoChallenge/internal/transport/http/middleware/recovery.go:12.72,13.17 1 0
CotoChallenge/internal/transport/http/middleware/recovery.go:13.17,14.37 1 0
CotoChallenge/internal/transport/http/middleware/recovery.go:14.37,17.6 2 0
CotoChallenge/internal/transport/http/middleware/recovery.go:19.4,19.24 1 0
CotoChallenge/internal/transport/http/middleware/timing.go:10.75,11.46 1 0
CotoChallenge/internal/transport/http/middleware/timing.go:11.46,12.72 1 0
CotoChallenge/internal/transport/http/middleware/timing.go:12.72,17.4 4 0
